
MARC@FULL-PC MINGW64 /j/Renovie (master)
$ php bin/console cache:clear

In FileLoader.php line 168:

  Bundle "testBundle" does not exist or it is not enabled. Maybe you forgot t
  o add it in the registerBundles() method of your AppKernel.php file? in @te
  stBundle/Resources/config/services.yml (which is being imported from "J:\Re
  novie\app/config\config.yml"). Make sure the "testBundle/Resources/config/s
  ervices.yml" bundle is correctly registered and loaded in the application k
  ernel class. If the bundle is registered, make sure the bundle path "@testB
  undle/Resources/config/services.yml" is not empty.


In Kernel.php line 241:

  Bundle "testBundle" does not exist or it is not enabled. Maybe you forgot t
  o add it in the registerBundles() method of your AppKernel.php file?



MARC@FULL-PC MINGW64 /j/Renovie (master)
$ php bin/console cache:clear

 // Clearing the cache for the dev environment with debug
 // true

 [OK] Cache for the "dev" environment (debug=true) was successfully cleared.


MARC@FULL-PC MINGW64 /j/Renovie (master)
$ composer.phar
   ______
  / ____/___  ____ ___  ____  ____  ________  _____
 / /   / __ \/ __ `__ \/ __ \/ __ \/ ___/ _ \/ ___/
/ /___/ /_/ / / / / / / /_/ / /_/ (__  )  __/ /
\____/\____/_/ /_/ /_/ .___/\____/____/\___/_/
                    /_/
Composer version 1.6.5 2018-05-04 11:44:59

Usage:
  command [options] [arguments]

Options:
  -h, --help                     Display this help message
  -q, --quiet                    Do not output any message
  -V, --version                  Display this application version
      --ansi                     Force ANSI output
      --no-ansi                  Disable ANSI output
  -n, --no-interaction           Do not ask any interactive question
      --profile                  Display timing and memory usage information
      --no-plugins               Whether to disable plugins.
  -d, --working-dir=WORKING-DIR  If specified, use the given directory as workin                           g directory.
  -v|vv|vvv, --verbose           Increase the verbosity of messages: 1 for norma                           l output, 2 for more verbose output and 3 for debug

Available commands:
  about                Shows the short information about Composer.
  archive              Creates an archive of this composer package.
  browse               Opens the package's repository URL or homepage in your br                           owser.
  check-platform-reqs  Check that platform requirements are satisfied.
  clear-cache          Clears composer's internal package cache.
  clearcache           Clears composer's internal package cache.
  config               Sets config options.
  create-project       Creates new project from a package into given directory.
  depends              Shows which packages cause the given package to be instal                           led.
  diagnose             Diagnoses the system to identify common errors.
  dump-autoload        Dumps the autoloader.
  dumpautoload         Dumps the autoloader.
  exec                 Executes a vendored binary/script.
  global               Allows running commands in the global composer dir ($COMP                           OSER_HOME).
  help                 Displays help for a command
  home                 Opens the package's repository URL or homepage in your br                           owser.
  info                 Shows information about packages.
  init                 Creates a basic composer.json file in current directory.
  install              Installs the project dependencies from the composer.lock                            file if present, or falls back on the composer.json.
  licenses             Shows information about licenses of dependencies.
  list                 Lists commands
  outdated             Shows a list of installed packages that have updates avai                           lable, including their latest version.
  prohibits            Shows which packages prevent the given package from being                            installed.
  remove               Removes a package from the require or require-dev.
  require              Adds required packages to your composer.json and installs                            them.
  run-script           Runs the scripts defined in composer.json.
  search               Searches for packages.
  self-update          Updates composer.phar to the latest version.
  selfupdate           Updates composer.phar to the latest version.
  show                 Shows information about packages.
  status               Shows a list of locally modified packages, for packages i                           nstalled from source.
  suggests             Shows package suggestions.
  symfony-scripts      Runs the symfony-scripts script as defined in composer.js                           on.
  update               Upgrades your dependencies to the latest version accordin                           g to composer.json, and updates the composer.lock file.
  upgrade              Upgrades your dependencies to the latest version accordin                           g to composer.json, and updates the composer.lock file.
  validate             Validates a composer.json and composer.lock.
  why                  Shows which packages cause the given package to be instal                           led.
  why-not              Shows which packages prevent the given package from being                            installed.

MARC@FULL-PC MINGW64 /j/Renovie (master)
$ composer diagnose
Checking composer.json: WARNING
Defining autoload.psr-4 with an empty namespace prefix is a bad idea for performance
Checking platform settings: OK
Checking git settings: OK
Checking http connectivity to packagist: OK
Checking https connectivity to packagist: OK
Checking github.com rate limit: OK
Checking disk free space: OK
Checking pubkeys:
Tags Public Key Fingerprint: 57815BA2 7E54DC31 7ECC7CC5 573090D0  87719BA6 8F3BB723 4E5D42D0 84A14642
Dev Public Key Fingerprint: 4AC45767 E5EC2265 2F0C1167 CBBB8A2B  0C708369 153E328C AD90147D AFE50952
OK
Checking composer version: OK
Composer version: 1.6.5
PHP version: 7.0.23
PHP binary path: C:\wamp64\bin\php\php7.0.23\php.exe

MARC@FULL-PC MINGW64 /j/Renovie (master)
$ composer require symfony/form
Using version ^3.4 for symfony/form
./composer.json has been updated
Loading composer repositories with package information
Updating dependencies (including require-dev)
